---
source: tests/snapshots.rs
expression: content
---
# Key Lifecycle Safety

### P1 — Key Monotonicity  ✅ Proven (z3, 0.42s)

P1: Key Monotonicity. Once a key is active, any subsequent activation
attempt returns AlreadyActive. We model "the activation outcome when the
key is already active" as a function of the activation oracle; the spec
states this as an invariant on activationResult, which we express as:
for any inputs, if the system reports the key is active then [enrollDevice](../functions/enrollDevice.md)
can never return Succeeded.

**Involved:** [`AC_AlreadyActive`](../types.md#activationresult), [`ER_Succeeded`](../types.md#enrollmentresult), [`enrollDevice`](../functions/enrollDevice.md)

<details><summary>Formal property (Cryptol)</summary>

```cryptol
isAuthResult authResult ==>
keyAlreadyActive ==>
enrollDevice fleetEnabled validMetadata authResult AC_AlreadyActive
!= ER_Succeeded
```

</details>

### P2 — Active Prevents Provisioning  ✅ Proven (z3, 0.15s)

P2: Active prevents provisioning.

**Involved:** [`KV_Ok`](../types.md#keyvaultresult), [`PR_Unauthorized`](../types.md#provisionresult), [`provisionKey`](../functions/provisionKey.md)

<details><summary>Formal property (Cryptol)</summary>

```cryptol
isKeyVaultResult vaultResult ==>
fleetEnabled ==>
validRequest ==>
vaultResult == KV_Ok ==>
provisionKey fleetEnabled validRequest vaultResult True
== PR_Unauthorized
```

</details>

### P3 — Key Id Hidden Until Active  ✅ Proven (z3, 0.08s)

P3: Key ID hidden until active.

**Involved:** [`getStatus`](../functions/getStatus.md)

<details><summary>Formal property (Cryptol)</summary>

```cryptol
(getStatus fleetEnabled hasKey False keyId).keyId == none
```

</details>

### P4 — Key Id Revealed When Active

P4: Key ID revealed when active.

**Involved:** [`getStatus`](../functions/getStatus.md)

<details><summary>Formal property (Cryptol)</summary>

```cryptol
(getStatus fleetEnabled hasKey True keyId).keyId == some keyId
```

</details>

### P5 — Disabled Rejects All

P5: Disabled rejects all.

**Involved:** [`ER_Disabled`](../types.md#enrollmentresult), [`PR_Disabled`](../types.md#provisionresult), [`enrollDevice`](../functions/enrollDevice.md), [`provisionKey`](../functions/provisionKey.md)

<details><summary>Formal property (Cryptol)</summary>

```cryptol
isKeyVaultResult vaultResult ==>
isAuthResult authResult ==>
isActivationResult activationResult ==>
(provisionKey False validRequest vaultResult keyIsActive == PR_Disabled)
&& (enrollDevice False validMetadata authResult activationResult
== ER_Disabled)
```

</details>
