---
source: tests/snapshots.rs
expression: content
---
# SDEP

## Types

### FleetMode
2.1 Enumerations are encoded as small bit-vectors. Only the listed constructor values are considered "well-formed"; properties that range over an enum constrain the input with an `is<Enum>` predicate.

| Name | Value | Description |
|------|-------|-------------|
| `FM_Disabled` | 0 | |
| `FM_Enabled` | 1 | |

### KeyVaultResult
A 2-bit enumeration with 3 variants.

| Name | Value | Description |
|------|-------|-------------|
| `KV_Ok` | 0 | |
| `KV_NotFound` | 1 | |
| `KV_IoError` | 2 | |

### AuthResult
A 2-bit enumeration with 3 variants.

| Name | Value | Description |
|------|-------|-------------|
| `AR_Authenticated` | 0 | |
| `AR_Unauthenticated` | 1 | |
| `AR_VaultUnavailable` | 2 | |

### ActivationResult
A 2-bit enumeration with 3 variants.

| Name | Value | Description |
|------|-------|-------------|
| `AC_Success` | 0 | |
| `AC_AlreadyActive` | 1 | |
| `AC_IoFailure` | 2 | |

### ProvisionResult
A 3-bit enumeration with 5 variants.

| Name | Value | Description |
|------|-------|-------------|
| `PR_Succeeded` | 0 | |
| `PR_Unauthorized` | 1 | |
| `PR_BadRequest` | 2 | |
| `PR_Disabled` | 3 | |
| `PR_InternalError` | 4 | |

### EnrollmentResult
A 2-bit enumeration with 4 variants.

| Name | Value | Description |
|------|-------|-------------|
| `ER_Succeeded` | 0 | |
| `ER_Unauthorized` | 1 | |
| `ER_Disabled` | 2 | |
| `ER_InternalError` | 3 | |

### AccessMode
A 2-bit enumeration with 3 variants.

| Name | Value | Description |
|------|-------|-------------|
| `AM_Off` | 0 | |
| `AM_Audit` | 1 | |
| `AM_Enforce` | 2 | |

### AccessDecision
A 2-bit enumeration with 3 variants.

| Name | Value | Description |
|------|-------|-------------|
| `AD_Allow` | 0 | |
| `AD_Deny` | 1 | |
| `AD_NoRule` | 2 | |

### UUID
`128`

2.2 Structures used by getStatus. UUIDs are abstracted as 128-bit values.

### OptUUID
`(Bit, UUID)`

Option<UUID> is encoded as a (present?, value) pair.

### EnrollmentStatus

| Field | Type | Description |
|-------|------|-------------|
| `fleetMode` | [FleetMode](#fleetmode) | |
| `hasKey` | Bit | |
| `keyId` | [OptUUID](#optuuid) | |
| `isActive` | Bit | |

### Timestamp
`64`

true iff requestTimestamp <= currentTime && currentTime - requestTimestamp <= windowSeconds Timestamps and windows are unbounded naturals in spec; we use 64-bit.

### Window
`64`

### HmacKey
`256`

4.3.2 isValidSignature — modelled abstractly with an uninterpreted HMAC. The Cryptol-level model treats HMAC-SHA256 as an opaque function from (key, payload) to a 256-bit tag, and constantTimeEquals as `==`.

### HmacTag
`256`

### Request
`256`

### FL
`16`

The encoder now prepends each variable-length field with its byte length (a fixed-width unsigned length tag). A parser reads exactly the declared number of bytes for each field, so no byte inside any field can be mistaken for a boundary.

### IW
`8`

Index/length width: one byte is more than enough for FL <= 127.

### FLs
`2`

The opaque `Request = [256]` is sufficient for HMAC algebra (P8, P9) but blocks any property that needs to look INSIDE the request. Bounded sizes for BMC: 2-byte fields, 2 headers per request.

### Ns
`2`

### Field
A normalized (length, padded-buffer) field. Bytes beyond `len` are zero.


| Field | Type | Description |
|-------|------|-------------|
| `len` | [[IW](#iw)] | |
| `buf` | [[FLs](#fls)][8] | |

### Header
One header is a (name, value) pair plus a flag marking it as the auth header (x-fleet-authorization) so the canonicalizer can exclude it.


| Field | Type | Description |
|-------|------|-------------|
| `name` | [Field](#field) | |
| `value` | [Field](#field) | |
| `isAuth` | Bit | |

### RequestS

| Field | Type | Description |
|-------|------|-------------|
| `method` | [Field](#field) | |
| `path` | [Field](#field) | |
| `body` | [Field](#field) | |
| `timestamp` | [Timestamp](#timestamp) | |
| `hdrs` | [[Ns](#ns)][Header](#header) | |

## Functions

### `provisionKey`

### Signature

**Parameters**
- `fleetEnabled`: Bit
- `validRequest`: Bit
- `vaultResult`: [KeyVaultResult](#keyvaultresult)
- `keyIsActive`: Bit

**Returns**
- [ProvisionResult](#provisionresult)

<details><summary>Raw signature</summary>

`Bit -> Bit -> KeyVaultResult -> Bit -> ProvisionResult`

</details>

Evaluates 5 conditions on `fleetEnabled`, `validRequest`, `vaultResult`, and `keyIsActive` in priority order, returning the first applicable `[ProvisionResult](#provisionresult)`. Defaults to `[PR_Succeeded](#provisionresult)` when no prior condition matches.

| # | Condition | Result |
|---|-----------|--------|
| 1 | ~ fleetEnabled | [PR_Disabled](#provisionresult) |
| 2 | ~ validRequest | [PR_BadRequest](#provisionresult) |
| 3 | vaultResult != [KV_Ok](#keyvaultresult) | [PR_InternalError](#provisionresult) |
| 4 | keyIsActive | [PR_Unauthorized](#provisionresult) |
| 5 | *(otherwise)* | [PR_Succeeded](#provisionresult) |

```mermaid
flowchart TD
  Start(["provisionKey"])
  Start --> C0{"~ fleetEnabled"}
  C0 -->|Yes| R0("PR_Disabled")
  C0 -->|No| C1{"~ validRequest"}
  C1 -->|Yes| R1("PR_BadRequest")
  C1 -->|No| C2{"vaultResult != KV_Ok"}
  C2 -->|Yes| R2("PR_InternalError")
  C2 -->|No| C3{"keyIsActive"}
  C3 -->|Yes| R3("PR_Unauthorized")
  C3 -->|No| R4("PR_Succeeded")
  classDef default fill:#e8f4fd,stroke:#2196F3,stroke-width:2px,color:#1565C0
  style Start fill:#1565C0,stroke:#0D47A1,color:#fff,stroke-width:2px
```

#### Related Properties
- [P2 — Active Prevents Provisioning](#p2--active-prevents-provisioning)
- [P5 — Disabled Rejects All](#p5--disabled-rejects-all)
- [P15 — Can Provision When Ready](#p15--can-provision-when-ready)
- [P20 — Bad Request Distinct](#p20--bad-request-distinct)

<details><summary>Formal definition (Cryptol)</summary>

```cryptol
provisionKey fleetEnabled validRequest vaultResult keyIsActive =
  if ~ fleetEnabled        then PR_Disabled
   | ~ validRequest        then PR_BadRequest
   | vaultResult != KV_Ok  then PR_InternalError
   | keyIsActive           then PR_Unauthorized
  else                          PR_Succeeded
```

</details>

### `enrollDevice`

### Signature

**Parameters**
- `fleetEnabled`: Bit
- `validMetadata`: Bit
- `authResult`: [AuthResult](#authresult)
- `activationResult`: [ActivationResult](#activationresult)

**Returns**
- [EnrollmentResult](#enrollmentresult)

<details><summary>Raw signature</summary>

`Bit -> Bit -> AuthResult -> ActivationResult -> EnrollmentResult`

</details>

Evaluates 7 conditions on `fleetEnabled`, `validMetadata`, `authResult`, and `activationResult` in priority order, returning the first applicable `[EnrollmentResult](#enrollmentresult)`. Defaults to `[ER_Unauthorized](#enrollmentresult)` when no prior condition matches.

| # | Condition | Result |
|---|-----------|--------|
| 1 | ~ fleetEnabled | [ER_Disabled](#enrollmentresult) |
| 2 | ~ validMetadata | [ER_Unauthorized](#enrollmentresult) |
| 3 | authResult == [AR_Authenticated](#authresult) |  |
| 4 | activationResult == [AC_AlreadyActive](#activationresult) | [ER_Unauthorized](#enrollmentresult) |
| 5 | *(otherwise)* | [ER_InternalError](#enrollmentresult)) |
| 6 | authResult == [AR_VaultUnavailable](#authresult) | [ER_InternalError](#enrollmentresult) |
| 7 | *(otherwise)* | [ER_Unauthorized](#enrollmentresult) |

```mermaid
flowchart TD
  Start(["enrollDevice"])
  Start --> C0{"~ fleetEnabled"}
  C0 -->|Yes| R0("ER_Disabled")
  C0 -->|No| C1{"~ validMetadata"}
  C1 -->|Yes| R1("ER_Unauthorized")
  C1 -->|No| C2{"authResult == AR_Authenticated"}
  C2 -->|No| C3{"activationResult == AC_AlreadyActive"}
  C3 -->|Yes| R2("ER_Unauthorized")
  C3 -->|No| R3("ER_InternalError)")
  R3 --> C4{"authResult == AR_VaultUnavailable"}
  C4 -->|Yes| R4("ER_InternalError")
  C4 -->|No| R5("ER_Unauthorized")
  classDef default fill:#e8f4fd,stroke:#2196F3,stroke-width:2px,color:#1565C0
  style Start fill:#1565C0,stroke:#0D47A1,color:#fff,stroke-width:2px
```

#### Related Properties
- [P1 — Key Monotonicity](#p1--key-monotonicity)
- [P5 — Disabled Rejects All](#p5--disabled-rejects-all)
- [P10 — Missing Metadata Fails](#p10--missing-metadata-fails)
- [P16 — Authenticated Activation Succeeds](#p16--authenticated-activation-succeeds)
- [P19 — Vault Unavailable Is Internal](#p19--vault-unavailable-is-internal)
- [P21 — Activate Without Metadata Unauthorized](#p21--activate-without-metadata-unauthorized)
- [P22 — Activation Io Failure Is Internal](#p22--activation-io-failure-is-internal)

<details><summary>Formal definition (Cryptol)</summary>

```cryptol
enrollDevice fleetEnabled validMetadata authResult activationResult =
  if ~ fleetEnabled                       then ER_Disabled
   | ~ validMetadata                      then ER_Unauthorized
   | authResult == AR_Authenticated       then
        (if activationResult == AC_Success       then ER_Succeeded
          | activationResult == AC_AlreadyActive then ER_Unauthorized
         else                                         ER_InternalError)
   | authResult == AR_VaultUnavailable    then ER_InternalError
  else                                         ER_Unauthorized
```

</details>

### `authenticate`

### Signature

**Parameters**
- `dateValid`: Bit
- `signatureValid`: Bit
- `claimsValid`: Bit

**Returns**
- Bit

<details><summary>Raw signature</summary>

`Bit -> Bit -> Bit -> Bit`

</details>

Returns `True` only when all of `dateValid`, `signatureValid`, and `claimsValid` are true.

#### Related Properties
- [P6 — Auth Requires Valid Date](#p6--auth-requires-valid-date)
- [P7 — Auth Requires Valid Signature](#p7--auth-requires-valid-signature)

<details><summary>Formal definition (Cryptol)</summary>

```cryptol
authenticate dateValid signatureValid claimsValid =
  dateValid && signatureValid && claimsValid
```

</details>

### `isValidRequestDate`

### Signature

**Parameters**
- `requestTs`: [Timestamp](#timestamp)
- `currentTime`: [Timestamp](#timestamp)
- `windowSeconds`: [Window](#window)

**Returns**
- Bit

<details><summary>Raw signature</summary>

`Timestamp -> Timestamp -> Window -> Bit`

</details>

Checks whether the request date is valid: validates a bounded condition over `requestTs`, `currentTime`, and `windowSeconds`.

#### Related Properties
- [P17 — Timestamp At Boundary Valid](#p17--timestamp-at-boundary-valid)
- [P18 — Timestamp Beyond Boundary Invalid](#p18--timestamp-beyond-boundary-invalid)

<details><summary>Formal definition (Cryptol)</summary>

```cryptol
isValidRequestDate requestTs currentTime windowSeconds =
  (requestTs <= currentTime)
  && ((currentTime - requestTs) <= windowSeconds)
```

</details>

### `hmacSha256`

### Signature

**Parameters**
- `k`: [HmacKey](#hmackey)
- `r`: [Request](#request)

**Returns**
- [HmacTag](#hmactag)

<details><summary>Raw signature</summary>

`HmacKey -> Request -> HmacTag`

</details>

Uninterpreted in proofs (SAW can treat this as a Cryptol primitive).

#### Related Properties
- [P8 — Correct Signature Verifies](#p8--correct-signature-verifies)
- [P9 — Wrong Signature Fails](#p9--wrong-signature-fails)

<details><summary>Formal definition (Cryptol)</summary>

```cryptol
hmacSha256 k r = k ^ r ^ (r <<< 1)   // placeholder; specs only use equality
```

</details>

### `isValidSignature`

### Signature

**Parameters**
- `key`: [HmacKey](#hmackey)
- `req`: [Request](#request)
- `providedSig`: [HmacTag](#hmactag)

**Returns**
- Bit

<details><summary>Raw signature</summary>

`HmacKey -> Request -> HmacTag -> Bit`

</details>

Checks whether the signature is valid by comparing the computed and expected values.

#### Related Properties
- [P8 — Correct Signature Verifies](#p8--correct-signature-verifies)
- [P9 — Wrong Signature Fails](#p9--wrong-signature-fails)

<details><summary>Formal definition (Cryptol)</summary>

```cryptol
isValidSignature key req providedSig =
  hmacSha256 key req == providedSig
```

</details>

### `enforceAccess`

### Signature

**Parameters**
- `mode`: [AccessMode](#accessmode)
- `decision`: [AccessDecision](#accessdecision)

**Returns**
- (Bit, Bit)

<details><summary>Raw signature</summary>

`AccessMode -> AccessDecision -> (Bit, Bit)`

</details>

Evaluates 6 conditions on `mode` and `decision` in priority order, returning the first applicable a tuple. Defaults to `(True, False)` when no prior condition matches.

| # | Condition | Result |
|---|-----------|--------|
| 1 | mode == [AM_Off](#accessmode) | (True, False) |
| 2 | mode == [AM_Audit](#accessmode) |  |
| 3 | mode == [AM_Enforce](#accessmode) |  |
| 4 | decision == [AD_Deny](#accessdecision) | (False, True) |
| 5 | *(otherwise)* | (True,  False)) |
| 6 | *(otherwise)* | (True, False)   // unreachable for well-formed modes |

```mermaid
flowchart TD
  Start(["enforceAccess"])
  Start --> C0{"mode == AM_Off"}
  C0 -->|Yes| R0("(True, False)")
  C0 -->|No| C1{"mode == AM_Audit"}
  C1 -->|No| C2{"mode == AM_Enforce"}
  C2 -->|No| C3{"decision == AD_Deny"}
  C3 -->|Yes| R1("(False, True)")
  C3 -->|No| R2("(True,  False))")
  R2 --> R3("(True, False)   // unreachable for well-formed modes")
  classDef default fill:#e8f4fd,stroke:#2196F3,stroke-width:2px,color:#1565C0
  style Start fill:#1565C0,stroke:#0D47A1,color:#fff,stroke-width:2px
```

#### Related Properties
- [P11 — Off Mode Allows All](#p11--off-mode-allows-all)
- [P12 — Audit Never Denies](#p12--audit-never-denies)
- [P13 — Enforce Blocks Denied](#p13--enforce-blocks-denied)
- [P14 — Enforce Allows Permitted](#p14--enforce-allows-permitted)
- [P26 — Enforce No Rule Allows Silently](#p26--enforce-no-rule-allows-silently)
- [P27 — Audit Logged Only On Deny](#p27--audit-logged-only-on-deny)

<details><summary>Formal definition (Cryptol)</summary>

```cryptol
enforceAccess mode decision =
  if mode == AM_Off then (True, False)
   | mode == AM_Audit then
        (if decision == AD_Deny then (True, True) else (True, False))
   | mode == AM_Enforce then
        (if decision == AD_Allow  then (True,  False)
          | decision == AD_Deny   then (False, True)
         else                          (True,  False))
  else (True, False)   // unreachable for well-formed modes
```

</details>

### `getStatus`

### Signature

**Parameters**
- `fleetEnabled`: Bit
- `hasKey`: Bit
- `keyIsActive`: Bit
- `keyId`: [UUID](#uuid)

**Returns**
- [EnrollmentStatus](#enrollmentstatus)

<details><summary>Raw signature</summary>

`Bit -> Bit -> Bit -> UUID -> EnrollmentStatus`

</details>

Constructs `[EnrollmentStatus](#enrollmentstatus)` from the given inputs.

#### Related Properties
- [P3 — Key Id Hidden Until Active](#p3--key-id-hidden-until-active)
- [P4 — Key Id Revealed When Active](#p4--key-id-revealed-when-active)

<details><summary>Formal definition (Cryptol)</summary>

```cryptol
getStatus fleetEnabled hasKey keyIsActive keyId =
  { fleetMode = if fleetEnabled then FM_Enabled else FM_Disabled
  , hasKey    = hasKey
  , keyId     = if keyIsActive then some keyId else none
  , isActive  = keyIsActive
  }
```

</details>

### `canonNormalized`

### Signature

**Parameters**
- `n`: [[IW](#iw)]
- `b`: [[FL](#fl)][8]

**Returns**
- Bit

<details><summary>Raw signature</summary>

`[IW] -> [FL][8] -> Bit`

</details>

A field is normalized iff bytes at indices >= n are zero. This is the
invariant the C++ / Rust code maintains implicitly (it only reads the
first n bytes); making it explicit keeps logically-distinct requests
distinct as Cryptol values, so any collision the solver finds is a *real*
one.

#### Related Properties
- [P23 — Canonicalization Injective](#p23--canonicalization-injective)
- [P24 — Header Canon Injective](#p24--header-canon-injective)
- [P25 — Query Canon Injective](#p25--query-canon-injective)

<details><summary>Formal definition (Cryptol)</summary>

```cryptol
canonNormalized n b =
    and [ (i >= n) ==> ((b @ i) == 0)
        | i <- ([0 .. FL - 1] : [FL][IW]) ]
```

</details>

### `canonLenPrefixed`

### Signature

**Parameters**
- `nm`: [[IW](#iw)]
- `m`: [[FL](#fl)][8]
- `nb`: [[IW](#iw)]
- `b`: [[FL](#fl)][8]

**Returns**
- [2 * [FL](#fl) + 2][8]

<details><summary>Raw signature</summary>

`[IW] -> [FL][8] -> [IW] -> [FL][8] -> [2 * FL + 2][8]`

</details>

Length-prefixed canonicalization. Each variable-length field is preceded
by its length tag: a parser reads the tag, then exactly that many bytes,
then the next tag, then exactly that many bytes. No byte inside any field
can be misread as a boundary, so the encoding is structurally injective.
The Cryptol bound uses an 8-bit length tag (sufficient for [FL](#fl) <= 255);
production uses a 64-bit big-endian tag (sufficient for any std::size_t /
usize field). The injectivity argument is identical for both widths.

#### Related Properties
- [P23 — Canonicalization Injective](#p23--canonicalization-injective)
- [P24 — Header Canon Injective](#p24--header-canon-injective)
- [P25 — Query Canon Injective](#p25--query-canon-injective)

<details><summary>Formal definition (Cryptol)</summary>

```cryptol
canonLenPrefixed nm m nb b = [nm] # m # [nb] # b
```

</details>

### `fieldNormalized`

### Signature

**Parameters**
- `f`: [Field](#field)

**Returns**
- Bit

<details><summary>Raw signature</summary>

`Field -> Bit`

</details>

Compares computed and provided values over `f`, returning `True` on match.

#### Related Properties
- [P28 — Auth Header Excluded](#p28--auth-header-excluded)

<details><summary>Formal definition (Cryptol)</summary>

```cryptol
fieldNormalized f =
  (f.len <= (`FLs : [IW])) /\
  and [ (i >= f.len) ==> ((f.buf @ i) == 0)
      | i <- ([0 .. FLs - 1] : [FLs][IW]) ]
```

</details>

### `requestNormalized`

### Signature

**Parameters**
- `r`: [RequestS](#requests)

**Returns**
- Bit

<details><summary>Raw signature</summary>

`RequestS -> Bit`

</details>

Tests whether `r` is well-formed.

#### Related Properties
- [P28 — Auth Header Excluded](#p28--auth-header-excluded)

<details><summary>Formal definition (Cryptol)</summary>

```cryptol
requestNormalized r =
  fieldNormalized r.method /\
  fieldNormalized r.path /\
  fieldNormalized r.body /\
  and [ fieldNormalized h.name /\ fieldNormalized h.value
      | h <- r.hdrs ]
```

</details>

### `lpField`

### Signature

**Parameters**
- `f`: [Field](#field)

**Returns**
- [1 + [FLs](#fls)][8]

<details><summary>Raw signature</summary>

`Field -> [1 + FLs][8]`

</details>

Length-prefix a [Field](#field) as [len-byte] # buf.

<details><summary>Formal definition (Cryptol)</summary>

```cryptol
lpField f = [f.len] # f.buf
```

</details>

### `lpHeader`

### Signature

**Parameters**
- `h`: [Header](#header)

**Returns**
- [2 * (1 + [FLs](#fls))][8]

<details><summary>Raw signature</summary>

`Header -> [2 * (1 + FLs)][8]`

</details>

Length-prefix a header pair OR emit a constant-size all-zero placeholder
if it is the auth header. Fixed output size keeps [canonicalizeS](#canonicalizes) Cryptol-
statable; the placeholder content is irrelevant because the encoder
elides auth headers regardless of their value.

<details><summary>Formal definition (Cryptol)</summary>

```cryptol
lpHeader h = if h.isAuth then zero
                         else (lpField h.name) # (lpField h.value)
```

</details>

### `canonicalizeS`

### Signature

**Parameters**
- `r`: [RequestS](#requests)

**Returns**
- [3 * (1 + [FLs](#fls)) + [Ns](#ns) * 2 * (1 + [FLs](#fls)) + 8][8]

<details><summary>Raw signature</summary>

`RequestS -> [3 * (1 + FLs) + Ns * 2 * (1 + FLs) + 8][8]`

</details>

Concrete canonicalize: length-prefixed method, body, headers (with
auth-header exclusion), path, then the 8-byte big-endian timestamp.
Mirrors the production C++/Rust encoder shape.

#### Related Properties
- [P28 — Auth Header Excluded](#p28--auth-header-excluded)

<details><summary>Formal definition (Cryptol)</summary>

```cryptol
canonicalizeS r =
    lpField r.method
  # lpField r.body
  # join [ lpHeader h | h <- r.hdrs ]
  # lpField r.path
  # (split r.timestamp : [8][8])
```

</details>

### `verifierTimestamp_current`

### Signature

**Parameters**
- `r`: [RequestS](#requests)
- `_`: [Timestamp](#timestamp)

**Returns**
- [Timestamp](#timestamp)

<details><summary>Raw signature</summary>

`RequestS -> Timestamp -> Timestamp`

</details>

The timestamp the verifier validates must equal the timestamp inside the
signed request — otherwise an attacker can replay a stale signed request
with a fresh "current time" supplied by the caller and pass the freshness
check despite the signature being over old bytes.
The implementation now binds the timestamp into the request: it is a
field of `DeviceRequest`, is included in the canonical signed bytes by
`canonicalizePayload`, and is the only value `handle_activate` passes
to `[isValidRequestDate](#isvalidrequestdate)`. The Cryptol model below mirrors that: the
verifier extracts `r.timestamp` and the caller-supplied parameter (if
any) is unused — a pure transport-layer artefact.

#### Related Properties
- [P29 — Timestamp Bound](#p29--timestamp-bound)

<details><summary>Formal definition (Cryptol)</summary>

```cryptol
verifierTimestamp_current r _ = r.timestamp
```

</details>

### Call Graph

```mermaid
graph LR
  authenticate["authenticate"]
  click authenticate "functions/authenticate.md" "authenticate"
  canonLenPrefixed["canonLenPrefixed"]
  click canonLenPrefixed "functions/canonLenPrefixed.md" "canonLenPrefixed"
  canonNormalized["canonNormalized"]
  click canonNormalized "functions/canonNormalized.md" "canonNormalized"
  canonicalizeS["canonicalizeS"]
  click canonicalizeS "functions/canonicalizeS.md" "canonicalizeS"
  enforceAccess["enforceAccess"]:::decision
  click enforceAccess "functions/enforceAccess.md" "enforceAccess"
  enrollDevice["enrollDevice"]:::decision
  click enrollDevice "functions/enrollDevice.md" "enrollDevice"
  fieldNormalized["fieldNormalized"]
  click fieldNormalized "functions/fieldNormalized.md" "fieldNormalized"
  getStatus["getStatus"]
  click getStatus "functions/getStatus.md" "getStatus"
  hmacSha256["hmacSha256"]
  click hmacSha256 "functions/hmacSha256.md" "hmacSha256"
  isValidRequestDate["isValidRequestDate"]
  click isValidRequestDate "functions/isValidRequestDate.md" "isValidRequestDate"
  isValidSignature["isValidSignature"]
  click isValidSignature "functions/isValidSignature.md" "isValidSignature"
  lpField["lpField"]
  click lpField "functions/lpField.md" "lpField"
  lpHeader["lpHeader"]
  click lpHeader "functions/lpHeader.md" "lpHeader"
  provisionKey["provisionKey"]:::decision
  click provisionKey "functions/provisionKey.md" "provisionKey"
  requestNormalized["requestNormalized"]
  click requestNormalized "functions/requestNormalized.md" "requestNormalized"
  verifierTimestamp_current["verifierTimestamp_current"]
  click verifierTimestamp_current "functions/verifierTimestamp_current.md" "verifierTimestamp_current"
  canonicalizeS --> lpField
  canonicalizeS --> lpHeader
  isValidSignature --> hmacSha256
  lpHeader --> lpField
  requestNormalized --> fieldNormalized
  classDef default fill:#f8fafc,stroke:#475569,stroke-width:1.5px,color:#0f172a
  classDef decision fill:#ecfeff,stroke:#0e7490,stroke-width:1.5px,color:#164e63
  classDef stub fill:#fff7ed,stroke:#c2410c,stroke-width:1.5px,stroke-dasharray: 5 5,color:#7c2d12
```

**Key:** 🔵 function · 🟢 decision

## Key Lifecycle Safety

### P1 — Key Monotonicity

[P1](#p1--key-monotonicity): Key Monotonicity. Once a key is active, any subsequent activation
attempt returns AlreadyActive. We model "the activation outcome when the
key is already active" as a function of the activation oracle; the spec
states this as an invariant on activationResult, which we express as:
for any inputs, if the system reports the key is active then [enrollDevice](#enrolldevice)
can never return Succeeded.

<details><summary>Formal property (Cryptol)</summary>

```cryptol
isAuthResult authResult ==>
keyAlreadyActive ==>
enrollDevice fleetEnabled validMetadata authResult AC_AlreadyActive
!= ER_Succeeded
```

</details>

### P2 — Active Prevents Provisioning

[P2](#p2--active-prevents-provisioning): Active prevents provisioning.

<details><summary>Formal property (Cryptol)</summary>

```cryptol
isKeyVaultResult vaultResult ==>
fleetEnabled ==>
validRequest ==>
vaultResult == KV_Ok ==>
provisionKey fleetEnabled validRequest vaultResult True
== PR_Unauthorized
```

</details>

### P3 — Key Id Hidden Until Active

[P3](#p3--key-id-hidden-until-active): Key ID hidden until active.

<details><summary>Formal property (Cryptol)</summary>

```cryptol
(getStatus fleetEnabled hasKey False keyId).keyId == none
```

</details>

### P4 — Key Id Revealed When Active

[P4](#p4--key-id-revealed-when-active): Key ID revealed when active.

<details><summary>Formal property (Cryptol)</summary>

```cryptol
(getStatus fleetEnabled hasKey True keyId).keyId == some keyId
```

</details>

### P5 — Disabled Rejects All

[P5](#p5--disabled-rejects-all): Disabled rejects all.

<details><summary>Formal property (Cryptol)</summary>

```cryptol
isKeyVaultResult vaultResult ==>
isAuthResult authResult ==>
isActivationResult activationResult ==>
(provisionKey False validRequest vaultResult keyIsActive == PR_Disabled)
&& (enrollDevice False validMetadata authResult activationResult
== ER_Disabled)
```

</details>

## Authentication Security

### P6 — Auth Requires Valid Date

[P6](#p6--auth-requires-valid-date): Auth requires valid date.

<details><summary>Formal property (Cryptol)</summary>

```cryptol
authenticate False sigValid claimsValid == False
```

</details>

### P7 — Auth Requires Valid Signature

[P7](#p7--auth-requires-valid-signature): Auth requires valid signature.

<details><summary>Formal property (Cryptol)</summary>

```cryptol
authenticate dateValid False claimsValid == False
```

</details>

### P8 — Correct Signature Verifies

[P8](#p8--correct-signature-verifies): Correct signature verifies.

<details><summary>Formal property (Cryptol)</summary>

```cryptol
isValidSignature k r (hmacSha256 k r) == True
```

</details>

### P9 — Wrong Signature Fails

[P9](#p9--wrong-signature-fails): Wrong signature fails.

<details><summary>Formal property (Cryptol)</summary>

```cryptol
(sig != hmacSha256 k r) ==> (isValidSignature k r sig == False)
```

</details>

### P10 — Missing Metadata Fails

[P10](#p10--missing-metadata-fails): Missing metadata fails (when the fleet is enabled).
Note: when the fleet is disabled, [enrollDevice](#enrolldevice) short-circuits to
[ER_Disabled](#enrollmentresult) before the metadata check, so we restrict this property
to the fleetEnabled case. The disabled case is covered by [P5](#p5--disabled-rejects-all).

<details><summary>Formal property (Cryptol)</summary>

```cryptol
fleetEnabled ==>
isAuthResult authResult ==>
isActivationResult activationResult ==>
enrollDevice fleetEnabled False authResult activationResult
== ER_Unauthorized
```

</details>

## Access Control

### P11 — Off Mode Allows All

[P11](#p11--off-mode-allows-all): Off mode allows all (and logs nothing).

<details><summary>Formal property (Cryptol)</summary>

```cryptol
isAccessDecision decision ==>
enforceAccess AM_Off decision == (True, False)
```

</details>

### P12 — Audit Never Denies

[P12](#p12--audit-never-denies): Audit mode never denies.

<details><summary>Formal property (Cryptol)</summary>

```cryptol
isAccessDecision decision ==>
(enforceAccess AM_Audit decision).0 == True
```

</details>

### P13 — Enforce Blocks Denied

[P13](#p13--enforce-blocks-denied): Enforce blocks denied.

<details><summary>Formal property (Cryptol)</summary>

```cryptol
enforceAccess AM_Enforce AD_Deny == (False, True)
```

</details>

### P14 — Enforce Allows Permitted

[P14](#p14--enforce-allows-permitted): Enforce allows permitted.

<details><summary>Formal property (Cryptol)</summary>

```cryptol
enforceAccess AM_Enforce AD_Allow == (True, False)
```

</details>

## Protocol Liveness

### P15 — Can Provision When Ready

[P15](#p15--can-provision-when-ready): Can provision when ready.

<details><summary>Formal property (Cryptol)</summary>

```cryptol
provisionKey True True KV_Ok False == PR_Succeeded
```

</details>

### P16 — Authenticated Activation Succeeds

[P16](#p16--authenticated-activation-succeeds): Authenticated activation succeeds.

<details><summary>Formal property (Cryptol)</summary>

```cryptol
enrollDevice True True AR_Authenticated AC_Success == ER_Succeeded
```

</details>

### P17 — Timestamp At Boundary Valid

[P17](#p17--timestamp-at-boundary-valid): [Timestamp](#timestamp) at boundary is valid.

<details><summary>Formal property (Cryptol)</summary>

```cryptol
// Avoid 64-bit overflow when constructing currentTime.
(requestTs <= (~ zero) - window) ==>
isValidRequestDate requestTs (requestTs + window) window == True
```

</details>

### P18 — Timestamp Beyond Boundary Invalid

[P18](#p18--timestamp-beyond-boundary-invalid): [Timestamp](#timestamp) beyond boundary is invalid.

<details><summary>Formal property (Cryptol)</summary>

```cryptol
(requestTs <= currentTime) ==>
((currentTime - requestTs) > window) ==>
isValidRequestDate requestTs currentTime window == False
```

</details>

## Error Handling

### P19 — Vault Unavailable Is Internal

[P19](#p19--vault-unavailable-is-internal): Vault unavailable is InternalError.

<details><summary>Formal property (Cryptol)</summary>

```cryptol
isActivationResult activationResult ==>
enrollDevice True True AR_VaultUnavailable activationResult
== ER_InternalError
```

</details>

### P20 — Bad Request Distinct

[P20](#p20--bad-request-distinct): BadRequest distinct from Unauthorized.

<details><summary>Formal property (Cryptol)</summary>

```cryptol
isKeyVaultResult vaultResult ==>
provisionKey True False vaultResult keyIsActive == PR_BadRequest
```

</details>

### P21 — Activate Without Metadata Unauthorized

[P21](#p21--activate-without-metadata-unauthorized): Activate without metadata is Unauthorized.

<details><summary>Formal property (Cryptol)</summary>

```cryptol
isAuthResult authResult ==>
isActivationResult activationResult ==>
enrollDevice True False authResult activationResult == ER_Unauthorized
```

</details>

### P22 — Activation Io Failure Is Internal

[P22](#p22--activation-io-failure-is-internal): Activation I/O failure is InternalError. An activation result that is
neither Success nor AlreadyActive (i.e. an I/O failure) must yield
InternalError when authentication succeeded.

<details><summary>Formal property (Cryptol)</summary>

```cryptol
isActivationResult activationResult ==>
(activationResult != AC_Success) ==>
(activationResult != AC_AlreadyActive) ==>
enrollDevice True True AR_Authenticated activationResult
== ER_InternalError
```

</details>

### P23 — Canonicalization Injective

[P23](#p23--canonicalization-injective): Length-prefixed canonicalization is byte-injective — distinct
normalized requests produce distinct canonical byte streams.
> **Note:** EXPECTED VERDICT: PASS. This is the safety property the production
> canonicalizer satisfies after the delimiter -> length-prefix fix.

<details><summary>Formal property (Cryptol)</summary>

```cryptol
( (nm1 <= (`FL : [IW])) /\ (nb1 <= (`FL : [IW])) /\
(nm2 <= (`FL : [IW])) /\ (nb2 <= (`FL : [IW])) /\
canonNormalized nm1 m1 /\ canonNormalized nb1 b1 /\
canonNormalized nm2 m2 /\ canonNormalized nb2 b2 /\
canonLenPrefixed nm1 m1 nb1 b1 == canonLenPrefixed nm2 m2 nb2 b2 )
==> ((nm1, m1, nb1, b1) == (nm2, m2, nb2, b2))
```

</details>

### P24 — Header Canon Injective

The [P23](#p23--canonicalization-injective) fix length-prefixes the FIVE TOP-LEVEL fields of the canonical
payload (method | body | canonHeaders | path | canonQuery). The inner
canonicalizers `canonicalize_headers` and `canonicalize_query` now use
the SAME length-prefix scheme for every individual name and value they
emit (an 8-byte big-endian length tag followed by the raw bytes), so
they are structurally byte-injective in their input map by the same
argument that proves [P23](#p23--canonicalization-injective): a parser reads <tag, name, tag, value> in
fixed order with no byte inside any name or value capable of being
misread as a record boundary.
Historical note: an earlier revision joined records with '\n' (headers)
or '&' (query) and fields inside each record with ':' / '='. That
encoding admitted a header / query smuggling collision (a value
containing "\nname:forged" parsed as an extra record under a forged
header name). Concrete production-code collisions for that earlier
encoding were exhibited in rust/tests/validate_canon_gaps.rs.
[P24](#p24--header-canon-injective): `canonicalize_headers` is byte-injective in the header map.
The production encoder length-prefixes every name and value with an
8-byte big-endian tag (same shape as canonicalizePayload), so distinct
normalized header records produce distinct canonical byte streams.
> **Note:** EXPECTED VERDICT: PASS — the encoding closes the smuggling gap.

<details><summary>Formal property (Cryptol)</summary>

```cryptol
( (nm1 <= (`FL : [IW])) /\ (nb1 <= (`FL : [IW])) /\
(nm2 <= (`FL : [IW])) /\ (nb2 <= (`FL : [IW])) /\
canonNormalized nm1 m1 /\ canonNormalized nb1 b1 /\
canonNormalized nm2 m2 /\ canonNormalized nb2 b2 /\
canonLenPrefixed nm1 m1 nb1 b1 == canonLenPrefixed nm2 m2 nb2 b2 )
==> ((nm1, m1, nb1, b1) == (nm2, m2, nb2, b2))
```

</details>

### P25 — Query Canon Injective

[P25](#p25--query-canon-injective): `canonicalize_query` is byte-injective in the query map.
Same length-prefix shape; no separators are needed because the length
tag uniquely marks each record boundary.
> **Note:** EXPECTED VERDICT: PASS.

<details><summary>Formal property (Cryptol)</summary>

```cryptol
( (nm1 <= (`FL : [IW])) /\ (nb1 <= (`FL : [IW])) /\
(nm2 <= (`FL : [IW])) /\ (nb2 <= (`FL : [IW])) /\
canonNormalized nm1 m1 /\ canonNormalized nb1 b1 /\
canonNormalized nm2 m2 /\ canonNormalized nb2 b2 /\
canonLenPrefixed nm1 m1 nb1 b1 == canonLenPrefixed nm2 m2 nb2 b2 )
==> ((nm1, m1, nb1, b1) == (nm2, m2, nb2, b2))
```

</details>

### P26 — Enforce No Rule Allows Silently

[P11](#p11--off-mode-allows-all)..[P14](#p14--enforce-allows-permitted) cover only 5 of the 9 cells of the ([AccessMode](#accessmode) × [AccessDecision](#accessdecision))
matrix, and [P12](#p12--audit-never-denies) only checks the `.0 = allowed` projection (not the
`.1 = logged` flag). The two properties below close the matrix.
> **Note:** EXPECTED VERDICT: PASS — they document previously-unverified behaviour
> of the existing model.
> [P26](#p26--enforce-no-rule-allows-silently): Enforce mode with no matching rule allows silently (matches the
> spec's implicit fall-through and the C++/Rust impl's `else` branch).

<details><summary>Formal property (Cryptol)</summary>

```cryptol
enforceAccess AM_Enforce AD_NoRule == (True, False)
```

</details>

### P27 — Audit Logged Only On Deny

[P27](#p27--audit-logged-only-on-deny): Audit mode logs IFF the underlying decision is Deny — never on
Allow or NoRule. Closes the .1 = logged projection that [P12](#p12--audit-never-denies) leaves
unspecified.

<details><summary>Formal property (Cryptol)</summary>

```cryptol
isAccessDecision decision ==>
(enforceAccess AM_Audit decision).1 == (decision == AD_Deny)
```

</details>

## Auth-header exclusion

### P28 — Auth Header Excluded

Two requests that differ ONLY in the bytes of their auth header value
must produce the same canonical bytes — otherwise the signature would
depend on itself.
> **Note:** EXPECTED VERDICT: PASS. The encoder's `isAuth` skip enforces this; if a
> future refactor removes the skip, this property breaks immediately.

<details><summary>Formal property (Cryptol)</summary>

```cryptol
( requestNormalized r /\ fieldNormalized v1 /\ fieldNormalized v2 ) ==>
canonicalizeS { r | hdrs = [ if h.isAuth then { h | value = v1 } else h
| h <- r.hdrs ] }
==
canonicalizeS { r | hdrs = [ if h.isAuth then { h | value = v2 } else h
| h <- r.hdrs ] }
```

</details>

## Timestamp binding

### P29 — Timestamp Bound

> **Note:** EXPECTED VERDICT: PASS — the verifier uses the request-bound timestamp,
> so a replayed signed request cannot be paired with a fresh "current
> time" parameter to forge freshness.

<details><summary>Formal property (Cryptol)</summary>

```cryptol
verifierTimestamp_current r tsFromCaller == r.timestamp
```

</details>

### Property Coverage

```mermaid
graph LR
  P1["P1"]
  click P1 "properties/key-lifecycle-safety.md" "P1"
  P10["P10"]
  click P10 "properties/authentication-security.md" "P10"
  P11["P11"]
  click P11 "properties/access-control.md" "P11"
  P12["P12"]
  click P12 "properties/access-control.md" "P12"
  P13["P13"]
  click P13 "properties/access-control.md" "P13"
  P14["P14"]
  click P14 "properties/access-control.md" "P14"
  P15["P15"]
  click P15 "properties/protocol-liveness.md" "P15"
  P16["P16"]
  click P16 "properties/protocol-liveness.md" "P16"
  P17["P17"]
  click P17 "properties/protocol-liveness.md" "P17"
  P18["P18"]
  click P18 "properties/protocol-liveness.md" "P18"
  P19["P19"]
  click P19 "properties/error-handling.md" "P19"
  P2["P2"]
  click P2 "properties/key-lifecycle-safety.md" "P2"
  P20["P20"]
  click P20 "properties/error-handling.md" "P20"
  P21["P21"]
  click P21 "properties/error-handling.md" "P21"
  P22["P22"]
  click P22 "properties/error-handling.md" "P22"
  P23["P23"]
  click P23 "properties/error-handling.md" "P23"
  P24["P24"]
  click P24 "properties/error-handling.md" "P24"
  P25["P25"]
  click P25 "properties/error-handling.md" "P25"
  P26["P26"]
  click P26 "properties/error-handling.md" "P26"
  P27["P27"]
  click P27 "properties/error-handling.md" "P27"
  P28["P28"]
  click P28 "properties/auth-header-exclusion.md" "P28"
  P29["P29"]
  click P29 "properties/timestamp-binding.md" "P29"
  P3["P3"]
  click P3 "properties/key-lifecycle-safety.md" "P3"
  P4["P4"]
  click P4 "properties/key-lifecycle-safety.md" "P4"
  P5["P5"]
  click P5 "properties/key-lifecycle-safety.md" "P5"
  P6["P6"]
  click P6 "properties/authentication-security.md" "P6"
  P7["P7"]
  click P7 "properties/authentication-security.md" "P7"
  P8["P8"]
  click P8 "properties/authentication-security.md" "P8"
  P9["P9"]
  click P9 "properties/authentication-security.md" "P9"
  authenticate["authenticate"]
  click authenticate "functions/authenticate.md" "authenticate"
  canonLenPrefixed["canonLenPrefixed"]
  click canonLenPrefixed "functions/canonLenPrefixed.md" "canonLenPrefixed"
  canonNormalized["canonNormalized"]
  click canonNormalized "functions/canonNormalized.md" "canonNormalized"
  canonicalizeS["canonicalizeS"]
  click canonicalizeS "functions/canonicalizeS.md" "canonicalizeS"
  enforceAccess["enforceAccess"]
  click enforceAccess "functions/enforceAccess.md" "enforceAccess"
  enrollDevice["enrollDevice"]
  click enrollDevice "functions/enrollDevice.md" "enrollDevice"
  fieldNormalized["fieldNormalized"]
  click fieldNormalized "functions/fieldNormalized.md" "fieldNormalized"
  getStatus["getStatus"]
  click getStatus "functions/getStatus.md" "getStatus"
  hmacSha256["hmacSha256"]
  click hmacSha256 "functions/hmacSha256.md" "hmacSha256"
  isValidRequestDate["isValidRequestDate"]
  click isValidRequestDate "functions/isValidRequestDate.md" "isValidRequestDate"
  isValidSignature["isValidSignature"]
  click isValidSignature "functions/isValidSignature.md" "isValidSignature"
  provisionKey["provisionKey"]
  click provisionKey "functions/provisionKey.md" "provisionKey"
  requestNormalized["requestNormalized"]
  click requestNormalized "functions/requestNormalized.md" "requestNormalized"
  verifierTimestamp_current["verifierTimestamp_current"]
  click verifierTimestamp_current "functions/verifierTimestamp_current.md" "verifierTimestamp_current"
  P1 --> enrollDevice
  P10 --> enrollDevice
  P11 --> enforceAccess
  P12 --> enforceAccess
  P13 --> enforceAccess
  P14 --> enforceAccess
  P15 --> provisionKey
  P16 --> enrollDevice
  P17 --> isValidRequestDate
  P18 --> isValidRequestDate
  P19 --> enrollDevice
  P2 --> provisionKey
  P20 --> provisionKey
  P21 --> enrollDevice
  P22 --> enrollDevice
  P23 --> canonLenPrefixed
  P23 --> canonNormalized
  P24 --> canonLenPrefixed
  P24 --> canonNormalized
  P25 --> canonLenPrefixed
  P25 --> canonNormalized
  P26 --> enforceAccess
  P27 --> enforceAccess
  P28 --> canonicalizeS
  P28 --> fieldNormalized
  P28 --> requestNormalized
  P29 --> verifierTimestamp_current
  P3 --> getStatus
  P4 --> getStatus
  P5 --> enrollDevice
  P5 --> provisionKey
  P6 --> authenticate
  P7 --> authenticate
  P8 --> hmacSha256
  P8 --> isValidSignature
  P9 --> hmacSha256
  P9 --> isValidSignature
  lpField:::gap
  lpHeader:::gap
  classDef default fill:#e8f4fd,stroke:#2196F3,stroke-width:2px,color:#1565C0
  classDef gap fill:#fff3e0,stroke:#FF9800,stroke-width:2px,stroke-dasharray: 5 5,color:#E65100
```
